

*******************************************************************************
* Report  : Area                                                              *
* Command : analyze_area > ../reports/area_cnn.rpt                            *
* Design  : cnn_chip                                                          *
* Version : main_1229_2e0365ed.rel                                            *
* Date    : 6:44 PM, 20-Apr-26                                                *
*******************************************************************************
*******************************************************************************
* Legend :                                                                    *
* (M): subdesign                                                              *
* (B): black_box                                                              *
* (C): combinational cell                                                     *
* (S): sequential cell                                                        *
*******************************************************************************


=================================================================
Design: cnn_chip

Instance type                           Instances     Instance(%)
-----------------------------------------------------------------
Combinational library cell instances:         294           100.00
    - Buffer instances:                      (294)         (100.00)
    - Inverter instances:                      (0)         ( 0.00)
    - Other instances:                         (0)         ( 0.00)
Sequential library cell instances:              0            0.00
-----------------------------------------------------------------
Total instances:                              294          100.00

Total number of black_box instances:            1

Instance type                       Instance Area         Area(%)
-----------------------------------------------------------------
Combinational library cell area:       4692240.00           100.00
    - Buffer cell area:               (4692240.00)         (100.00)
    - Inverter cell area:                   (0.00)         ( 0.00)
    - Other cell area:                      (0.00)         ( 0.00)
Sequential library cell area:                0.00            0.00
-----------------------------------------------------------------
Total library cell area:               4692240.00          100.00

Wire load model:                                 
Net area:                                    0.00

Total area:                            4692240.00
=================================================================

=================================================================
 Library                                Instances     Instance(%)
-----------------------------------------------------------------
 SP018W_V1p8_max                              294          100.00
=================================================================

===============================================================================
 Gate                   Type  Counts         Area        Area Sum  Library
-------------------------------------------------------------------------------
 PIW                     (C)     260     15960.00      4149600.00  SP018W_V1p8_max
 PO8W                    (C)      34     15960.00       542640.00  SP018W_V1p8_max
 cnn_top                 (B)       1         0.00            0.00
===============================================================================

