

*******************************************************************************
* Report  : Maximal/setup time constraint                                     *
* Command : analyze_constraint -all_violators > ../reports/violators_cnn.rpt  *
* Design  : cnn_chip                                                          *
* Version : main_1229_2e0365ed.rel                                            *
* Date    : 6:44 PM, 20-Apr-26                                                *
*******************************************************************************


*******************************************************************************
* Report  : Minimal/hold time constraint                                      *
* Command : analyze_constraint -all_violators > ../reports/violators_cnn.rpt  *
* Design  : cnn_chip                                                          *
* Version : main_1229_2e0365ed.rel                                            *
* Date    : 6:44 PM, 20-Apr-26                                                *
*******************************************************************************



*******************************************************************************
* Report  : Minimum Pulse Width of Pins                                       *
* Design  : cnn_chip                                                          *
*******************************************************************************



*******************************************************************************
* Report  : Minimum Period of Pins                                            *
* Design  : cnn_chip                                                          *
*******************************************************************************



*******************************************************************************
* Report  : Maximum Capacitance of Cells                                      *
* Design  : cnn_chip                                                          *
*******************************************************************************



*******************************************************************************
* Report  : Maximum Capacitance of Nets                                       *
* Design  : cnn_chip                                                          *
*******************************************************************************






*******************************************************************************
* Report  : Maximum Transition of Pins                                        *
* Design  : cnn_chip                                                          *
*******************************************************************************




*******************************************************************************
* Report  : Maximum Transition of Nets                                        *
* Design  : cnn_chip                                                          *
*******************************************************************************




*******************************************************************************
* Report  : Minimum Transition of Pins                                        *
* Design  : cnn_chip                                                          *
*******************************************************************************




*******************************************************************************
* Report  : Minimum Transition of Nets                                        *
* Design  : cnn_chip                                                          *
*******************************************************************************



*******************************************************************************
* Report  : Maximum Fanout of Cells                                           *
* Design  : cnn_chip                                                          *
*******************************************************************************



*******************************************************************************
* Report  : Maximum Fanout of Nets                                            *
* Design  : cnn_chip                                                          *
*******************************************************************************



*******************************************************************************
* Report  : Top Port Connection Class                                         *
* Design  : cnn_chip                                                          *
*******************************************************************************



*******************************************************************************
* Report  : Connection Class                                                  *
* Design  : cnn_chip                                                          *
*******************************************************************************

