

*******************************************************************************
* Report  : Maximal/setup time constraint                                     *
* Command : analyze_constraint -all_violators > ../reports/violators_cnn.rpt  *
* Design  : cnn_chip                                                          *
* Version : main_1229_2e0365ed.rel                                            *
* Date    : 12:58 AM, 22-Apr-26                                               *
*******************************************************************************


*******************************************************************************
* Report  : Minimal/hold time constraint                                      *
* Command : analyze_constraint -all_violators > ../reports/violators_cnn.rpt  *
* Design  : cnn_chip                                                          *
* Version : main_1229_2e0365ed.rel                                            *
* Date    : 12:58 AM, 22-Apr-26                                               *
*******************************************************************************


Clock group: clk

Endpoint                                           Delay   Constraint      Slack
--------------------------------------------------------------------------------
inst_CNN_top/u_sram_pong/u_sram_high/WEN            0.65 R       0.92      -0.27(V)
inst_CNN_top/u_sram_pong/u_sram_low/WEN             0.65 R       0.92      -0.27(V)
inst_CNN_top/u_sram_ping/u_sram_high/WEN            0.71 R       0.92      -0.21(V)
inst_CNN_top/u_sram_ping/u_sram_low/WEN             0.71 R       0.92      -0.21(V)
inst_CNN_top/act_waddr_pipe_reg[3][0]/D             0.41 F       0.54      -0.14(V)
inst_CNN_top/act_waddr_pipe_reg[3][1]/D             0.41 F       0.54      -0.14(V)
inst_CNN_top/act_waddr_pipe_reg[3][3]/D             0.41 F       0.54      -0.14(V)
inst_CNN_top/act_waddr_pipe_reg[3][4]/D             0.41 F       0.54      -0.14(V)
inst_CNN_top/act_waddr_pipe_reg[3][5]/D             0.41 F       0.54      -0.14(V)
inst_CNN_top/act_waddr_pipe_reg[3][6]/D             0.41 F       0.54      -0.14(V)
inst_CNN_top/act_waddr_pipe_reg[3][7]/D             0.41 F       0.54      -0.14(V)
inst_CNN_top/act_waddr_pipe_reg[3][8]/D             0.41 F       0.54      -0.14(V)
inst_CNN_top/act_waddr_pipe_reg[3][9]/D             0.41 F       0.54      -0.14(V)
inst_CNN_top/act_waddr_pipe_reg[1][0]/D             0.40 F       0.53      -0.13(V)
inst_CNN_top/act_waddr_pipe_reg[1][1]/D             0.40 F       0.53      -0.13(V)
inst_CNN_top/act_waddr_pipe_reg[1][2]/D             0.40 F       0.53      -0.13(V)
inst_CNN_top/act_waddr_pipe_reg[1][3]/D             0.40 F       0.53      -0.13(V)
inst_CNN_top/act_waddr_pipe_reg[1][4]/D             0.40 F       0.53      -0.13(V)
inst_CNN_top/act_waddr_pipe_reg[1][5]/D             0.40 F       0.53      -0.13(V)
inst_CNN_top/act_waddr_pipe_reg[1][6]/D             0.40 F       0.53      -0.13(V)
inst_CNN_top/act_waddr_pipe_reg[1][7]/D             0.40 F       0.53      -0.13(V)
inst_CNN_top/act_waddr_pipe_reg[1][8]/D             0.40 F       0.53      -0.13(V)
inst_CNN_top/act_waddr_pipe_reg[1][9]/D             0.40 F       0.53      -0.13(V)
inst_CNN_top/act_waddr_pipe_reg[2][0]/D             0.40 F       0.53      -0.13(V)
inst_CNN_top/act_waddr_pipe_reg[2][1]/D             0.40 F       0.53      -0.13(V)
inst_CNN_top/act_waddr_pipe_reg[2][2]/D             0.40 F       0.53      -0.13(V)
inst_CNN_top/act_waddr_pipe_reg[2][3]/D             0.40 F       0.53      -0.13(V)
inst_CNN_top/act_waddr_pipe_reg[2][4]/D             0.40 F       0.53      -0.13(V)
inst_CNN_top/act_waddr_pipe_reg[2][5]/D             0.40 F       0.53      -0.13(V)
inst_CNN_top/act_waddr_pipe_reg[2][6]/D             0.40 F       0.53      -0.13(V)
inst_CNN_top/act_waddr_pipe_reg[2][7]/D             0.40 F       0.53      -0.13(V)
inst_CNN_top/act_waddr_pipe_reg[2][8]/D             0.40 F       0.53      -0.13(V)
inst_CNN_top/act_waddr_pipe_reg[2][9]/D             0.40 F       0.53      -0.13(V)
inst_CNN_top/act_waddr_pipe_reg[3][2]/D             0.40 F       0.53      -0.13(V)
inst_CNN_top/layer_mode_pipe_reg[1][0]/D            0.40 F       0.53      -0.13(V)
inst_CNN_top/layer_mode_pipe_reg[1][1]/D            0.40 F       0.53      -0.13(V)
inst_CNN_top/layer_mode_pipe_reg[3][0]/D            0.40 F       0.53      -0.13(V)
inst_CNN_top/layer_mode_pipe_reg[3][1]/D            0.40 F       0.53      -0.13(V)
inst_CNN_top/mac_valid_pipe_reg[1]/D                0.40 F       0.53      -0.13(V)
inst_CNN_top/route_sel_pipe_reg[1][0]/D             0.40 F       0.53      -0.13(V)
inst_CNN_top/route_sel_pipe_reg[1][1]/D             0.40 F       0.53      -0.13(V)
inst_CNN_top/route_sel_pipe_reg[2][0]/D             0.40 F       0.53      -0.13(V)
inst_CNN_top/route_sel_pipe_reg[2][1]/D             0.40 F       0.53      -0.13(V)
inst_CNN_top/route_sel_pipe_reg[3][0]/D             0.40 F       0.53      -0.13(V)
inst_CNN_top/route_sel_pipe_reg[3][1]/D             0.40 F       0.53      -0.13(V)
inst_CNN_top/route_sel_pipe_reg[4][0]/D             0.40 F       0.53      -0.13(V)
inst_CNN_top/route_sel_pipe_reg[4][1]/D             0.40 F       0.53      -0.13(V)
inst_CNN_top/u_maxpool/req_valid_d2_reg/D           0.40 F       0.53      -0.13(V)
inst_CNN_top/u_sram_ping/u_sram_high/D[105]         0.53 F       0.60      -0.07(V)
inst_CNN_top/u_sram_ping/u_sram_high/D[106]         0.53 F       0.60      -0.07(V)
inst_CNN_top/u_sram_ping/u_sram_high/D[112]         0.53 F       0.60      -0.07(V)
inst_CNN_top/u_sram_ping/u_sram_high/D[120]         0.53 F       0.60      -0.07(V)
inst_CNN_top/u_sram_ping/u_sram_high/D[16]          0.53 F       0.60      -0.07(V)
inst_CNN_top/u_sram_ping/u_sram_high/D[24]          0.53 F       0.60      -0.07(V)
inst_CNN_top/u_sram_ping/u_sram_high/D[2]           0.53 F       0.60      -0.07(V)
inst_CNN_top/u_sram_ping/u_sram_high/D[32]          0.53 F       0.60      -0.07(V)
inst_CNN_top/u_sram_ping/u_sram_high/D[40]          0.53 F       0.60      -0.07(V)
inst_CNN_top/u_sram_ping/u_sram_high/D[48]          0.53 F       0.60      -0.07(V)
inst_CNN_top/u_sram_ping/u_sram_high/D[4]           0.53 F       0.60      -0.07(V)
inst_CNN_top/u_sram_ping/u_sram_high/D[56]          0.53 F       0.60      -0.07(V)
inst_CNN_top/u_sram_ping/u_sram_high/D[64]          0.53 F       0.60      -0.07(V)
inst_CNN_top/u_sram_ping/u_sram_high/D[72]          0.53 F       0.60      -0.07(V)
inst_CNN_top/u_sram_ping/u_sram_high/D[80]          0.53 F       0.60      -0.07(V)
inst_CNN_top/u_sram_ping/u_sram_high/D[81]          0.53 F       0.60      -0.07(V)
inst_CNN_top/u_sram_ping/u_sram_high/D[87]          0.53 F       0.60      -0.07(V)
inst_CNN_top/u_sram_ping/u_sram_high/D[88]          0.53 F       0.60      -0.07(V)
inst_CNN_top/u_sram_ping/u_sram_high/D[89]          0.53 F       0.60      -0.07(V)
inst_CNN_top/u_sram_ping/u_sram_high/D[8]           0.53 F       0.60      -0.07(V)
inst_CNN_top/u_sram_ping/u_sram_high/D[95]          0.53 F       0.60      -0.07(V)
inst_CNN_top/u_sram_ping/u_sram_high/D[96]          0.53 F       0.60      -0.07(V)
inst_CNN_top/u_sram_ping/u_sram_low/D[106]          0.53 F       0.60      -0.07(V)
inst_CNN_top/u_sram_ping/u_sram_low/D[108]          0.53 F       0.60      -0.07(V)
inst_CNN_top/u_sram_ping/u_sram_low/D[112]          0.53 F       0.60      -0.07(V)
inst_CNN_top/u_sram_ping/u_sram_low/D[113]          0.53 F       0.60      -0.07(V)
inst_CNN_top/u_sram_ping/u_sram_low/D[119]          0.53 F       0.60      -0.07(V)
inst_CNN_top/u_sram_ping/u_sram_low/D[120]          0.53 F       0.60      -0.07(V)
inst_CNN_top/u_sram_ping/u_sram_low/D[18]           0.53 F       0.60      -0.07(V)
inst_CNN_top/u_sram_ping/u_sram_low/D[20]           0.53 F       0.60      -0.07(V)
inst_CNN_top/u_sram_ping/u_sram_low/D[24]           0.53 F       0.60      -0.07(V)
inst_CNN_top/u_sram_ping/u_sram_low/D[2]            0.53 F       0.60      -0.07(V)
inst_CNN_top/u_sram_ping/u_sram_low/D[32]           0.53 F       0.60      -0.07(V)
inst_CNN_top/u_sram_ping/u_sram_low/D[40]           0.53 F       0.60      -0.07(V)
inst_CNN_top/u_sram_ping/u_sram_low/D[48]           0.53 F       0.60      -0.07(V)
inst_CNN_top/u_sram_ping/u_sram_low/D[49]           0.53 F       0.60      -0.07(V)
inst_CNN_top/u_sram_ping/u_sram_low/D[4]            0.53 F       0.60      -0.07(V)
inst_CNN_top/u_sram_ping/u_sram_low/D[55]           0.53 F       0.60      -0.07(V)
inst_CNN_top/u_sram_ping/u_sram_low/D[58]           0.53 F       0.60      -0.07(V)
inst_CNN_top/u_sram_ping/u_sram_low/D[60]           0.53 F       0.60      -0.07(V)
inst_CNN_top/u_sram_ping/u_sram_low/D[64]           0.53 F       0.60      -0.07(V)
inst_CNN_top/u_sram_ping/u_sram_low/D[74]           0.53 F       0.60      -0.07(V)
inst_CNN_top/u_sram_ping/u_sram_low/D[76]           0.53 F       0.60      -0.07(V)
inst_CNN_top/u_sram_ping/u_sram_low/D[80]           0.53 F       0.60      -0.07(V)
inst_CNN_top/u_sram_ping/u_sram_low/D[88]           0.53 F       0.60      -0.07(V)
inst_CNN_top/u_sram_ping/u_sram_low/D[8]            0.53 F       0.60      -0.07(V)
inst_CNN_top/u_sram_ping/u_sram_low/D[96]           0.53 F       0.60      -0.07(V)
inst_CNN_top/act_waddr_pipe_reg[0][9]/D             0.46 F       0.52      -0.06(V)
inst_CNN_top/act_waddr_pipe_reg[0][3]/D             0.47 F       0.52      -0.06(V)
inst_CNN_top/u_sram_ping/u_sram_high/D[37]          0.55 F       0.60      -0.05(V)
inst_CNN_top/u_sram_ping/u_sram_high/D[53]          0.55 F       0.60      -0.05(V)
inst_CNN_top/u_sram_ping/u_sram_high/D[77]          0.55 F       0.60      -0.05(V)
inst_CNN_top/act_waddr_pipe_reg[0][1]/D             0.48 F       0.52      -0.04(V)
inst_CNN_top/mac_valid_pipe_reg[0]/D                0.48 F       0.52      -0.04(V)
inst_CNN_top/u_sram_ping/u_sram_high/D[108]         0.56 F       0.60      -0.04(V)
inst_CNN_top/u_sram_ping/u_sram_high/D[5]           0.56 F       0.60      -0.04(V)
inst_CNN_top/u_sram_ping/u_sram_high/D[82]          0.56 F       0.60      -0.04(V)
inst_CNN_top/u_sram_ping/u_sram_high/D[90]          0.56 F       0.60      -0.04(V)
inst_CNN_top/u_sram_ping/u_sram_low/D[109]          0.56 F       0.60      -0.04(V)
inst_CNN_top/u_sram_ping/u_sram_low/D[114]          0.56 F       0.60      -0.04(V)
inst_CNN_top/u_sram_ping/u_sram_low/D[21]           0.56 F       0.60      -0.04(V)
inst_CNN_top/u_sram_ping/u_sram_low/D[50]           0.56 F       0.60      -0.04(V)
inst_CNN_top/u_sram_ping/u_sram_low/D[5]            0.56 F       0.60      -0.04(V)
inst_CNN_top/u_sram_ping/u_sram_low/D[61]           0.56 F       0.60      -0.04(V)
inst_CNN_top/u_sram_ping/u_sram_low/D[77]           0.56 F       0.60      -0.04(V)
inst_CNN_top/u_sram_ping/u_sram_high/D[111]         0.57 F       0.60      -0.03(V)
inst_CNN_top/u_sram_ping/u_sram_high/D[83]          0.57 F       0.60      -0.03(V)
inst_CNN_top/u_sram_ping/u_sram_high/D[84]          0.57 F       0.60      -0.03(V)
inst_CNN_top/u_sram_ping/u_sram_high/D[91]          0.57 F       0.60      -0.03(V)
inst_CNN_top/u_sram_ping/u_sram_high/D[92]          0.57 F       0.60      -0.03(V)
inst_CNN_top/u_sram_ping/u_sram_low/D[115]          0.57 F       0.60      -0.03(V)
inst_CNN_top/u_sram_ping/u_sram_low/D[116]          0.57 F       0.60      -0.03(V)
inst_CNN_top/u_sram_ping/u_sram_low/D[51]           0.57 F       0.60      -0.03(V)
inst_CNN_top/u_sram_ping/u_sram_low/D[52]           0.57 F       0.60      -0.03(V)
inst_CNN_top/u_sram_ping/u_sram_high/D[38]          0.57 F       0.60      -0.03(V)
inst_CNN_top/u_sram_ping/u_sram_high/D[54]          0.57 F       0.60      -0.03(V)
inst_CNN_top/u_sram_ping/u_sram_high/D[78]          0.57 F       0.60      -0.03(V)
inst_CNN_top/u_sram_ping/u_sram_high/D[103]         0.57 F       0.60      -0.03(V)
inst_CNN_top/u_sram_ping/u_sram_high/D[119]         0.57 F       0.60      -0.03(V)
inst_CNN_top/u_sram_ping/u_sram_high/D[127]         0.57 F       0.60      -0.03(V)
inst_CNN_top/u_sram_ping/u_sram_high/D[15]          0.57 F       0.60      -0.03(V)
inst_CNN_top/u_sram_ping/u_sram_high/D[23]          0.57 F       0.60      -0.03(V)
inst_CNN_top/u_sram_ping/u_sram_high/D[31]          0.57 F       0.60      -0.03(V)
inst_CNN_top/u_sram_ping/u_sram_high/D[47]          0.57 F       0.60      -0.03(V)
inst_CNN_top/u_sram_ping/u_sram_high/D[63]          0.57 F       0.60      -0.03(V)
inst_CNN_top/u_sram_ping/u_sram_high/D[71]          0.57 F       0.60      -0.03(V)
inst_CNN_top/u_sram_ping/u_sram_low/D[103]          0.57 F       0.60      -0.03(V)
inst_CNN_top/u_sram_ping/u_sram_low/D[127]          0.57 F       0.60      -0.03(V)
inst_CNN_top/u_sram_ping/u_sram_low/D[15]           0.57 F       0.60      -0.03(V)
inst_CNN_top/u_sram_ping/u_sram_low/D[31]           0.57 F       0.60      -0.03(V)
inst_CNN_top/u_sram_ping/u_sram_low/D[39]           0.57 F       0.60      -0.03(V)
inst_CNN_top/u_sram_ping/u_sram_low/D[47]           0.57 F       0.60      -0.03(V)
inst_CNN_top/u_sram_ping/u_sram_low/D[71]           0.57 F       0.60      -0.03(V)
inst_CNN_top/u_sram_ping/u_sram_low/D[87]           0.57 F       0.60      -0.03(V)
inst_CNN_top/u_sram_ping/u_sram_low/D[95]           0.57 F       0.60      -0.03(V)
inst_CNN_top/u_sram_ping/u_sram_high/A[5]           0.92 R       0.95      -0.03(V)
inst_CNN_top/u_sram_ping/u_sram_low/A[5]            0.92 R       0.95      -0.03(V)
inst_CNN_top/u_maxpool/req_valid_reg/D              0.52 F       0.55      -0.02(V)
inst_CNN_top/u_sram_ping/u_sram_high/A[6]           0.93 R       0.95      -0.02(V)
inst_CNN_top/u_sram_ping/u_sram_low/A[6]            0.93 R       0.95      -0.02(V)
inst_CNN_top/u_sram_pong/u_sram_high/A[6]           0.93 R       0.95      -0.02(V)
inst_CNN_top/u_sram_pong/u_sram_low/A[6]            0.93 R       0.95      -0.02(V)
inst_CNN_top/u_sram_ping/u_sram_high/A[0]           0.93 R       0.95      -0.02(V)
inst_CNN_top/u_sram_ping/u_sram_high/A[1]           0.93 R       0.95      -0.02(V)
inst_CNN_top/u_sram_ping/u_sram_low/A[0]            0.93 R       0.95      -0.02(V)
inst_CNN_top/u_sram_ping/u_sram_low/A[1]            0.93 R       0.95      -0.02(V)
inst_CNN_top/u_post_process/stage1_mult_reg[20][3]/D       0.53 F       0.54      -0.02(V)
inst_CNN_top/u_post_process/stage1_mult_reg[3][4]/D       0.53 F       0.54      -0.02(V)
inst_CNN_top/u_post_process/act_out_flat_reg[34]/D       0.53 F       0.55      -0.02(V)
inst_CNN_top/u_post_process/act_out_flat_reg[38]/D       0.53 F       0.55      -0.02(V)
inst_CNN_top/u_post_process/act_out_flat_reg[80]/D       0.53 F       0.55      -0.02(V)
inst_CNN_top/u_post_process/stage1_mult_reg[6][6]/D       0.53 F       0.55      -0.02(V)
inst_CNN_top/u_sram_pong/u_sram_high/D[0]           0.58 F       0.59      -0.02(V)
inst_CNN_top/u_sram_pong/u_sram_high/D[10]          0.58 F       0.59      -0.02(V)
inst_CNN_top/u_sram_pong/u_sram_high/D[11]          0.58 F       0.59      -0.02(V)
inst_CNN_top/u_sram_pong/u_sram_high/D[12]          0.58 F       0.59      -0.02(V)
inst_CNN_top/u_sram_pong/u_sram_high/D[13]          0.58 F       0.59      -0.02(V)
inst_CNN_top/u_sram_pong/u_sram_high/D[14]          0.58 F       0.59      -0.02(V)
inst_CNN_top/u_sram_pong/u_sram_high/D[15]          0.58 F       0.59      -0.02(V)
inst_CNN_top/u_sram_pong/u_sram_high/D[16]          0.58 F       0.59      -0.02(V)
inst_CNN_top/u_sram_pong/u_sram_high/D[17]          0.58 F       0.59      -0.02(V)
inst_CNN_top/u_sram_pong/u_sram_high/D[18]          0.58 F       0.59      -0.02(V)
inst_CNN_top/u_sram_pong/u_sram_high/D[19]          0.58 F       0.59      -0.02(V)
inst_CNN_top/u_sram_pong/u_sram_high/D[1]           0.58 F       0.59      -0.02(V)
inst_CNN_top/u_sram_pong/u_sram_high/D[20]          0.58 F       0.59      -0.02(V)
inst_CNN_top/u_sram_pong/u_sram_high/D[21]          0.58 F       0.59      -0.02(V)
inst_CNN_top/u_sram_pong/u_sram_high/D[22]          0.58 F       0.59      -0.02(V)
inst_CNN_top/u_sram_pong/u_sram_high/D[23]          0.58 F       0.59      -0.02(V)
inst_CNN_top/u_sram_pong/u_sram_high/D[24]          0.58 F       0.59      -0.02(V)
inst_CNN_top/u_sram_pong/u_sram_high/D[25]          0.58 F       0.59      -0.02(V)
inst_CNN_top/u_sram_pong/u_sram_high/D[26]          0.58 F       0.59      -0.02(V)
inst_CNN_top/u_sram_pong/u_sram_high/D[27]          0.58 F       0.59      -0.02(V)
inst_CNN_top/u_sram_pong/u_sram_high/D[28]          0.58 F       0.59      -0.02(V)
inst_CNN_top/u_sram_pong/u_sram_high/D[29]          0.58 F       0.59      -0.02(V)
inst_CNN_top/u_sram_pong/u_sram_high/D[2]           0.58 F       0.59      -0.02(V)
inst_CNN_top/u_sram_pong/u_sram_high/D[30]          0.58 F       0.59      -0.02(V)
inst_CNN_top/u_sram_pong/u_sram_high/D[31]          0.58 F       0.59      -0.02(V)
inst_CNN_top/u_sram_pong/u_sram_high/D[32]          0.58 F       0.59      -0.02(V)
inst_CNN_top/u_sram_pong/u_sram_high/D[33]          0.58 F       0.59      -0.02(V)
inst_CNN_top/u_sram_pong/u_sram_high/D[34]          0.58 F       0.59      -0.02(V)
inst_CNN_top/u_sram_pong/u_sram_high/D[35]          0.58 F       0.59      -0.02(V)
inst_CNN_top/u_sram_pong/u_sram_high/D[36]          0.58 F       0.59      -0.02(V)
inst_CNN_top/u_sram_pong/u_sram_high/D[37]          0.58 F       0.59      -0.02(V)
inst_CNN_top/u_sram_pong/u_sram_high/D[38]          0.58 F       0.59      -0.02(V)
inst_CNN_top/u_sram_pong/u_sram_high/D[39]          0.58 F       0.59      -0.02(V)
inst_CNN_top/u_sram_pong/u_sram_high/D[3]           0.58 F       0.59      -0.02(V)
inst_CNN_top/u_sram_pong/u_sram_high/D[40]          0.58 F       0.59      -0.02(V)
inst_CNN_top/u_sram_pong/u_sram_high/D[41]          0.58 F       0.59      -0.02(V)
inst_CNN_top/u_sram_pong/u_sram_high/D[42]          0.58 F       0.59      -0.02(V)
inst_CNN_top/u_sram_pong/u_sram_high/D[43]          0.58 F       0.59      -0.02(V)
inst_CNN_top/u_sram_pong/u_sram_high/D[44]          0.58 F       0.59      -0.02(V)
inst_CNN_top/u_sram_pong/u_sram_high/D[45]          0.58 F       0.59      -0.02(V)
inst_CNN_top/u_sram_pong/u_sram_high/D[46]          0.58 F       0.59      -0.02(V)
inst_CNN_top/u_sram_pong/u_sram_high/D[47]          0.58 F       0.59      -0.02(V)
inst_CNN_top/u_sram_pong/u_sram_high/D[48]          0.58 F       0.59      -0.02(V)
inst_CNN_top/u_sram_pong/u_sram_high/D[49]          0.58 F       0.59      -0.02(V)
inst_CNN_top/u_sram_pong/u_sram_high/D[4]           0.58 F       0.59      -0.02(V)
inst_CNN_top/u_sram_pong/u_sram_high/D[50]          0.58 F       0.59      -0.02(V)
inst_CNN_top/u_sram_pong/u_sram_high/D[51]          0.58 F       0.59      -0.02(V)
inst_CNN_top/u_sram_pong/u_sram_high/D[52]          0.58 F       0.59      -0.02(V)
inst_CNN_top/u_sram_pong/u_sram_high/D[53]          0.58 F       0.59      -0.02(V)
inst_CNN_top/u_sram_pong/u_sram_high/D[54]          0.58 F       0.59      -0.02(V)
inst_CNN_top/u_sram_pong/u_sram_high/D[55]          0.58 F       0.59      -0.02(V)
inst_CNN_top/u_sram_pong/u_sram_high/D[56]          0.58 F       0.59      -0.02(V)
inst_CNN_top/u_sram_pong/u_sram_high/D[57]          0.58 F       0.59      -0.02(V)
inst_CNN_top/u_sram_pong/u_sram_high/D[58]          0.58 F       0.59      -0.02(V)
inst_CNN_top/u_sram_pong/u_sram_high/D[59]          0.58 F       0.59      -0.02(V)
inst_CNN_top/u_sram_pong/u_sram_high/D[5]           0.58 F       0.59      -0.02(V)
inst_CNN_top/u_sram_pong/u_sram_high/D[60]          0.58 F       0.59      -0.02(V)
inst_CNN_top/u_sram_pong/u_sram_high/D[61]          0.58 F       0.59      -0.02(V)
inst_CNN_top/u_sram_pong/u_sram_high/D[62]          0.58 F       0.59      -0.02(V)
inst_CNN_top/u_sram_pong/u_sram_high/D[63]          0.58 F       0.59      -0.02(V)
inst_CNN_top/u_sram_pong/u_sram_high/D[6]           0.58 F       0.59      -0.02(V)
inst_CNN_top/u_sram_pong/u_sram_high/D[7]           0.58 F       0.59      -0.02(V)
inst_CNN_top/u_sram_pong/u_sram_high/D[8]           0.58 F       0.59      -0.02(V)
inst_CNN_top/u_sram_pong/u_sram_high/D[9]           0.58 F       0.59      -0.02(V)
inst_CNN_top/u_sram_pong/u_sram_low/D[0]            0.58 F       0.59      -0.02(V)
inst_CNN_top/u_sram_pong/u_sram_low/D[100]          0.58 F       0.59      -0.02(V)
inst_CNN_top/u_sram_pong/u_sram_low/D[101]          0.58 F       0.59      -0.02(V)
inst_CNN_top/u_sram_pong/u_sram_low/D[102]          0.58 F       0.59      -0.02(V)
inst_CNN_top/u_sram_pong/u_sram_low/D[103]          0.58 F       0.59      -0.02(V)
inst_CNN_top/u_sram_pong/u_sram_low/D[104]          0.58 F       0.59      -0.02(V)
inst_CNN_top/u_sram_pong/u_sram_low/D[105]          0.58 F       0.59      -0.02(V)
inst_CNN_top/u_sram_pong/u_sram_low/D[106]          0.58 F       0.59      -0.02(V)
inst_CNN_top/u_sram_pong/u_sram_low/D[107]          0.58 F       0.59      -0.02(V)
inst_CNN_top/u_sram_pong/u_sram_low/D[108]          0.58 F       0.59      -0.02(V)
inst_CNN_top/u_sram_pong/u_sram_low/D[109]          0.58 F       0.59      -0.02(V)
inst_CNN_top/u_sram_pong/u_sram_low/D[10]           0.58 F       0.59      -0.02(V)
inst_CNN_top/u_sram_pong/u_sram_low/D[110]          0.58 F       0.59      -0.02(V)
inst_CNN_top/u_sram_pong/u_sram_low/D[111]          0.58 F       0.59      -0.02(V)
inst_CNN_top/u_sram_pong/u_sram_low/D[112]          0.58 F       0.59      -0.02(V)
inst_CNN_top/u_sram_pong/u_sram_low/D[113]          0.58 F       0.59      -0.02(V)
inst_CNN_top/u_sram_pong/u_sram_low/D[114]          0.58 F       0.59      -0.02(V)
inst_CNN_top/u_sram_pong/u_sram_low/D[115]          0.58 F       0.59      -0.02(V)
inst_CNN_top/u_sram_pong/u_sram_low/D[116]          0.58 F       0.59      -0.02(V)
inst_CNN_top/u_sram_pong/u_sram_low/D[117]          0.58 F       0.59      -0.02(V)
inst_CNN_top/u_sram_pong/u_sram_low/D[118]          0.58 F       0.59      -0.02(V)
inst_CNN_top/u_sram_pong/u_sram_low/D[119]          0.58 F       0.59      -0.02(V)
inst_CNN_top/u_sram_pong/u_sram_low/D[11]           0.58 F       0.59      -0.02(V)
inst_CNN_top/u_sram_pong/u_sram_low/D[120]          0.58 F       0.59      -0.02(V)
inst_CNN_top/u_sram_pong/u_sram_low/D[121]          0.58 F       0.59      -0.02(V)
inst_CNN_top/u_sram_pong/u_sram_low/D[122]          0.58 F       0.59      -0.02(V)
inst_CNN_top/u_sram_pong/u_sram_low/D[123]          0.58 F       0.59      -0.02(V)
inst_CNN_top/u_sram_pong/u_sram_low/D[124]          0.58 F       0.59      -0.02(V)
inst_CNN_top/u_sram_pong/u_sram_low/D[125]          0.58 F       0.59      -0.02(V)
inst_CNN_top/u_sram_pong/u_sram_low/D[126]          0.58 F       0.59      -0.02(V)
inst_CNN_top/u_sram_pong/u_sram_low/D[127]          0.58 F       0.59      -0.02(V)
inst_CNN_top/u_sram_pong/u_sram_low/D[12]           0.58 F       0.59      -0.02(V)
inst_CNN_top/u_sram_pong/u_sram_low/D[13]           0.58 F       0.59      -0.02(V)
inst_CNN_top/u_sram_pong/u_sram_low/D[14]           0.58 F       0.59      -0.02(V)
inst_CNN_top/u_sram_pong/u_sram_low/D[15]           0.58 F       0.59      -0.02(V)
inst_CNN_top/u_sram_pong/u_sram_low/D[16]           0.58 F       0.59      -0.02(V)
inst_CNN_top/u_sram_pong/u_sram_low/D[17]           0.58 F       0.59      -0.02(V)
inst_CNN_top/u_sram_pong/u_sram_low/D[18]           0.58 F       0.59      -0.02(V)
inst_CNN_top/u_sram_pong/u_sram_low/D[19]           0.58 F       0.59      -0.02(V)
inst_CNN_top/u_sram_pong/u_sram_low/D[1]            0.58 F       0.59      -0.02(V)
inst_CNN_top/u_sram_pong/u_sram_low/D[20]           0.58 F       0.59      -0.02(V)
inst_CNN_top/u_sram_pong/u_sram_low/D[21]           0.58 F       0.59      -0.02(V)
inst_CNN_top/u_sram_pong/u_sram_low/D[22]           0.58 F       0.59      -0.02(V)
inst_CNN_top/u_sram_pong/u_sram_low/D[23]           0.58 F       0.59      -0.02(V)
inst_CNN_top/u_sram_pong/u_sram_low/D[24]           0.58 F       0.59      -0.02(V)
inst_CNN_top/u_sram_pong/u_sram_low/D[25]           0.58 F       0.59      -0.02(V)
inst_CNN_top/u_sram_pong/u_sram_low/D[26]           0.58 F       0.59      -0.02(V)
inst_CNN_top/u_sram_pong/u_sram_low/D[27]           0.58 F       0.59      -0.02(V)
inst_CNN_top/u_sram_pong/u_sram_low/D[28]           0.58 F       0.59      -0.02(V)
inst_CNN_top/u_sram_pong/u_sram_low/D[29]           0.58 F       0.59      -0.02(V)
inst_CNN_top/u_sram_pong/u_sram_low/D[2]            0.58 F       0.59      -0.02(V)
inst_CNN_top/u_sram_pong/u_sram_low/D[30]           0.58 F       0.59      -0.02(V)
inst_CNN_top/u_sram_pong/u_sram_low/D[31]           0.58 F       0.59      -0.02(V)
inst_CNN_top/u_sram_pong/u_sram_low/D[32]           0.58 F       0.59      -0.02(V)
inst_CNN_top/u_sram_pong/u_sram_low/D[33]           0.58 F       0.59      -0.02(V)
inst_CNN_top/u_sram_pong/u_sram_low/D[34]           0.58 F       0.59      -0.02(V)
inst_CNN_top/u_sram_pong/u_sram_low/D[35]           0.58 F       0.59      -0.02(V)
inst_CNN_top/u_sram_pong/u_sram_low/D[36]           0.58 F       0.59      -0.02(V)
inst_CNN_top/u_sram_pong/u_sram_low/D[37]           0.58 F       0.59      -0.02(V)
inst_CNN_top/u_sram_pong/u_sram_low/D[38]           0.58 F       0.59      -0.02(V)
inst_CNN_top/u_sram_pong/u_sram_low/D[39]           0.58 F       0.59      -0.02(V)
inst_CNN_top/u_sram_pong/u_sram_low/D[3]            0.58 F       0.59      -0.02(V)
inst_CNN_top/u_sram_pong/u_sram_low/D[40]           0.58 F       0.59      -0.02(V)
inst_CNN_top/u_sram_pong/u_sram_low/D[41]           0.58 F       0.59      -0.02(V)
inst_CNN_top/u_sram_pong/u_sram_low/D[42]           0.58 F       0.59      -0.02(V)
inst_CNN_top/u_sram_pong/u_sram_low/D[43]           0.58 F       0.59      -0.02(V)
inst_CNN_top/u_sram_pong/u_sram_low/D[44]           0.58 F       0.59      -0.02(V)
inst_CNN_top/u_sram_pong/u_sram_low/D[45]           0.58 F       0.59      -0.02(V)
inst_CNN_top/u_sram_pong/u_sram_low/D[46]           0.58 F       0.59      -0.02(V)
inst_CNN_top/u_sram_pong/u_sram_low/D[47]           0.58 F       0.59      -0.02(V)
inst_CNN_top/u_sram_pong/u_sram_low/D[48]           0.58 F       0.59      -0.02(V)
inst_CNN_top/u_sram_pong/u_sram_low/D[49]           0.58 F       0.59      -0.02(V)
inst_CNN_top/u_sram_pong/u_sram_low/D[4]            0.58 F       0.59      -0.02(V)
inst_CNN_top/u_sram_pong/u_sram_low/D[50]           0.58 F       0.59      -0.02(V)
inst_CNN_top/u_sram_pong/u_sram_low/D[51]           0.58 F       0.59      -0.02(V)
inst_CNN_top/u_sram_pong/u_sram_low/D[52]           0.58 F       0.59      -0.02(V)
inst_CNN_top/u_sram_pong/u_sram_low/D[53]           0.58 F       0.59      -0.02(V)
inst_CNN_top/u_sram_pong/u_sram_low/D[54]           0.58 F       0.59      -0.02(V)
inst_CNN_top/u_sram_pong/u_sram_low/D[55]           0.58 F       0.59      -0.02(V)
inst_CNN_top/u_sram_pong/u_sram_low/D[56]           0.58 F       0.59      -0.02(V)
inst_CNN_top/u_sram_pong/u_sram_low/D[57]           0.58 F       0.59      -0.02(V)
inst_CNN_top/u_sram_pong/u_sram_low/D[58]           0.58 F       0.59      -0.02(V)
inst_CNN_top/u_sram_pong/u_sram_low/D[59]           0.58 F       0.59      -0.02(V)
inst_CNN_top/u_sram_pong/u_sram_low/D[5]            0.58 F       0.59      -0.02(V)
inst_CNN_top/u_sram_pong/u_sram_low/D[60]           0.58 F       0.59      -0.02(V)
inst_CNN_top/u_sram_pong/u_sram_low/D[61]           0.58 F       0.59      -0.02(V)
inst_CNN_top/u_sram_pong/u_sram_low/D[62]           0.58 F       0.59      -0.02(V)
inst_CNN_top/u_sram_pong/u_sram_low/D[63]           0.58 F       0.59      -0.02(V)
inst_CNN_top/u_sram_pong/u_sram_low/D[64]           0.58 F       0.59      -0.02(V)
inst_CNN_top/u_sram_pong/u_sram_low/D[65]           0.58 F       0.59      -0.02(V)
inst_CNN_top/u_sram_pong/u_sram_low/D[66]           0.58 F       0.59      -0.02(V)
inst_CNN_top/u_sram_pong/u_sram_low/D[67]           0.58 F       0.59      -0.02(V)
inst_CNN_top/u_sram_pong/u_sram_low/D[68]           0.58 F       0.59      -0.02(V)
inst_CNN_top/u_sram_pong/u_sram_low/D[69]           0.58 F       0.59      -0.02(V)
inst_CNN_top/u_sram_pong/u_sram_low/D[6]            0.58 F       0.59      -0.02(V)
inst_CNN_top/u_sram_pong/u_sram_low/D[70]           0.58 F       0.59      -0.02(V)
inst_CNN_top/u_sram_pong/u_sram_low/D[71]           0.58 F       0.59      -0.02(V)
inst_CNN_top/u_sram_pong/u_sram_low/D[72]           0.58 F       0.59      -0.02(V)
inst_CNN_top/u_sram_pong/u_sram_low/D[73]           0.58 F       0.59      -0.02(V)
inst_CNN_top/u_sram_pong/u_sram_low/D[74]           0.58 F       0.59      -0.02(V)
inst_CNN_top/u_sram_pong/u_sram_low/D[75]           0.58 F       0.59      -0.02(V)
inst_CNN_top/u_sram_pong/u_sram_low/D[76]           0.58 F       0.59      -0.02(V)
inst_CNN_top/u_sram_pong/u_sram_low/D[77]           0.58 F       0.59      -0.02(V)
inst_CNN_top/u_sram_pong/u_sram_low/D[78]           0.58 F       0.59      -0.02(V)
inst_CNN_top/u_sram_pong/u_sram_low/D[79]           0.58 F       0.59      -0.02(V)
inst_CNN_top/u_sram_pong/u_sram_low/D[7]            0.58 F       0.59      -0.02(V)
inst_CNN_top/u_sram_pong/u_sram_low/D[80]           0.58 F       0.59      -0.02(V)
inst_CNN_top/u_sram_pong/u_sram_low/D[81]           0.58 F       0.59      -0.02(V)
inst_CNN_top/u_sram_pong/u_sram_low/D[82]           0.58 F       0.59      -0.02(V)
inst_CNN_top/u_sram_pong/u_sram_low/D[83]           0.58 F       0.59      -0.02(V)
inst_CNN_top/u_sram_pong/u_sram_low/D[84]           0.58 F       0.59      -0.02(V)
inst_CNN_top/u_sram_pong/u_sram_low/D[85]           0.58 F       0.59      -0.02(V)
inst_CNN_top/u_sram_pong/u_sram_low/D[86]           0.58 F       0.59      -0.02(V)
inst_CNN_top/u_sram_pong/u_sram_low/D[87]           0.58 F       0.59      -0.02(V)
inst_CNN_top/u_sram_pong/u_sram_low/D[88]           0.58 F       0.59      -0.02(V)
inst_CNN_top/u_sram_pong/u_sram_low/D[89]           0.58 F       0.59      -0.02(V)
inst_CNN_top/u_sram_pong/u_sram_low/D[8]            0.58 F       0.59      -0.02(V)
inst_CNN_top/u_sram_pong/u_sram_low/D[90]           0.58 F       0.59      -0.02(V)
inst_CNN_top/u_sram_pong/u_sram_low/D[91]           0.58 F       0.59      -0.02(V)
inst_CNN_top/u_sram_pong/u_sram_low/D[92]           0.58 F       0.59      -0.02(V)
inst_CNN_top/u_sram_pong/u_sram_low/D[93]           0.58 F       0.59      -0.02(V)
inst_CNN_top/u_sram_pong/u_sram_low/D[94]           0.58 F       0.59      -0.02(V)
inst_CNN_top/u_sram_pong/u_sram_low/D[95]           0.58 F       0.59      -0.02(V)
inst_CNN_top/u_sram_pong/u_sram_low/D[96]           0.58 F       0.59      -0.02(V)
inst_CNN_top/u_sram_pong/u_sram_low/D[97]           0.58 F       0.59      -0.02(V)
inst_CNN_top/u_sram_pong/u_sram_low/D[98]           0.58 F       0.59      -0.02(V)
inst_CNN_top/u_sram_pong/u_sram_low/D[99]           0.58 F       0.59      -0.02(V)
inst_CNN_top/u_sram_pong/u_sram_low/D[9]            0.58 F       0.59      -0.02(V)
inst_CNN_top/u_sram_ping/u_sram_high/D[100]         0.58 F       0.60      -0.02(V)
inst_CNN_top/u_sram_ping/u_sram_high/D[115]         0.58 F       0.60      -0.02(V)
inst_CNN_top/u_sram_ping/u_sram_high/D[116]         0.58 F       0.60      -0.02(V)
inst_CNN_top/u_sram_ping/u_sram_high/D[11]          0.58 F       0.60      -0.02(V)
inst_CNN_top/u_sram_ping/u_sram_high/D[123]         0.58 F       0.60      -0.02(V)
inst_CNN_top/u_sram_ping/u_sram_high/D[124]         0.58 F       0.60      -0.02(V)
inst_CNN_top/u_sram_ping/u_sram_high/D[12]          0.58 F       0.60      -0.02(V)
inst_CNN_top/u_sram_ping/u_sram_high/D[19]          0.58 F       0.60      -0.02(V)
inst_CNN_top/u_sram_ping/u_sram_high/D[20]          0.58 F       0.60      -0.02(V)
inst_CNN_top/u_sram_ping/u_sram_high/D[27]          0.58 F       0.60      -0.02(V)
inst_CNN_top/u_sram_ping/u_sram_high/D[28]          0.58 F       0.60      -0.02(V)
inst_CNN_top/u_sram_ping/u_sram_high/D[35]          0.58 F       0.60      -0.02(V)
inst_CNN_top/u_sram_ping/u_sram_high/D[43]          0.58 F       0.60      -0.02(V)
inst_CNN_top/u_sram_ping/u_sram_high/D[44]          0.58 F       0.60      -0.02(V)
inst_CNN_top/u_sram_ping/u_sram_high/D[51]          0.58 F       0.60      -0.02(V)
inst_CNN_top/u_sram_ping/u_sram_high/D[59]          0.58 F       0.60      -0.02(V)
inst_CNN_top/u_sram_ping/u_sram_high/D[60]          0.58 F       0.60      -0.02(V)
inst_CNN_top/u_sram_ping/u_sram_high/D[67]          0.58 F       0.60      -0.02(V)
inst_CNN_top/u_sram_ping/u_sram_high/D[68]          0.58 F       0.60      -0.02(V)
inst_CNN_top/u_sram_ping/u_sram_high/D[75]          0.58 F       0.60      -0.02(V)
inst_CNN_top/u_sram_ping/u_sram_high/D[99]          0.58 F       0.60      -0.02(V)
inst_CNN_top/u_sram_ping/u_sram_low/D[100]          0.58 F       0.60      -0.02(V)
inst_CNN_top/u_sram_ping/u_sram_low/D[11]           0.58 F       0.60      -0.02(V)
inst_CNN_top/u_sram_ping/u_sram_low/D[123]          0.58 F       0.60      -0.02(V)
inst_CNN_top/u_sram_ping/u_sram_low/D[124]          0.58 F       0.60      -0.02(V)
inst_CNN_top/u_sram_ping/u_sram_low/D[12]           0.58 F       0.60      -0.02(V)
inst_CNN_top/u_sram_ping/u_sram_low/D[27]           0.58 F       0.60      -0.02(V)
inst_CNN_top/u_sram_ping/u_sram_low/D[28]           0.58 F       0.60      -0.02(V)
inst_CNN_top/u_sram_ping/u_sram_low/D[35]           0.58 F       0.60      -0.02(V)
inst_CNN_top/u_sram_ping/u_sram_low/D[36]           0.58 F       0.60      -0.02(V)
inst_CNN_top/u_sram_ping/u_sram_low/D[43]           0.58 F       0.60      -0.02(V)
inst_CNN_top/u_sram_ping/u_sram_low/D[44]           0.58 F       0.60      -0.02(V)
inst_CNN_top/u_sram_ping/u_sram_low/D[67]           0.58 F       0.60      -0.02(V)
inst_CNN_top/u_sram_ping/u_sram_low/D[68]           0.58 F       0.60      -0.02(V)
inst_CNN_top/u_sram_ping/u_sram_low/D[83]           0.58 F       0.60      -0.02(V)
inst_CNN_top/u_sram_ping/u_sram_low/D[84]           0.58 F       0.60      -0.02(V)
inst_CNN_top/u_sram_ping/u_sram_low/D[91]           0.58 F       0.60      -0.02(V)
inst_CNN_top/u_sram_ping/u_sram_low/D[92]           0.58 F       0.60      -0.02(V)
inst_CNN_top/u_sram_ping/u_sram_low/D[99]           0.58 F       0.60      -0.02(V)
inst_CNN_top/u_sram_pong/u_sram_high/A[0]           0.94 R       0.95      -0.01(V)
inst_CNN_top/u_sram_pong/u_sram_high/A[1]           0.94 R       0.95      -0.01(V)
inst_CNN_top/u_sram_pong/u_sram_low/A[0]            0.94 R       0.95      -0.01(V)
inst_CNN_top/u_sram_pong/u_sram_low/A[1]            0.94 R       0.95      -0.01(V)
inst_CNN_top/u_sram_ping/u_sram_high/D[109]         0.59 F       0.60      -0.01(V)
inst_CNN_top/u_post_process/stage1_mult_reg[15][3]/D       0.54 F       0.54      -0.00(V)
inst_CNN_top/u_post_process/stage1_mult_reg[9][1]/D       0.54 F       0.54      -0.00(V)
inst_CNN_top/u_line_buffer/db_reg[10][71]/D         0.54 F       0.54      -0.00(V)
inst_CNN_top/u_sram_ping/u_sram_high/A[4]           0.95 R       0.95      -0.00(V)
inst_CNN_top/u_sram_ping/u_sram_low/A[4]            0.95 R       0.95      -0.00(V)
inst_CNN_top/u_post_process/stage1_mult_reg[24][3]/D       0.54 F       0.54      -0.00(V)
inst_CNN_top/u_sram_ping/u_sram_high/D[0]           0.60 F       0.60      -0.00(V)
inst_CNN_top/u_sram_ping/u_sram_high/D[104]         0.60 F       0.60      -0.00(V)
inst_CNN_top/u_sram_ping/u_sram_low/D[0]            0.60 F       0.60      -0.00(V)
inst_CNN_top/u_sram_ping/u_sram_low/D[104]          0.60 F       0.60      -0.00(V)
inst_CNN_top/u_sram_ping/u_sram_low/D[16]           0.60 F       0.60      -0.00(V)
inst_CNN_top/u_sram_ping/u_sram_low/D[56]           0.60 F       0.60      -0.00(V)
inst_CNN_top/u_sram_ping/u_sram_low/D[72]           0.60 F       0.60      -0.00(V)
inst_CNN_top/u_sram_ping/u_sram_high/A[3]           0.95 R       0.95      -0.00(V)
inst_CNN_top/u_sram_ping/u_sram_low/A[3]            0.95 R       0.95      -0.00(V)
inst_CNN_top/u_post_process/stage1_mult_reg[27][10]/D       0.54 F       0.54      -0.00(V)
inst_CNN_top/u_post_process/stage1_mult_reg[5][21]/D       0.54 F       0.54      -0.00(V)
inst_CNN_top/u_post_process/stage1_mult_reg[20][19]/D       0.54 F       0.54      -0.00(V)
inst_CNN_top/u_post_process/stage1_mult_reg[2][28]/D       0.54 F       0.54      -0.00(V)
inst_CNN_top/u_post_process/stage1_mult_reg[22][18]/D       0.54 F       0.54      -0.00(V)
inst_CNN_top/u_post_process/stage1_mult_reg[24][22]/D       0.54 F       0.54      -0.00(V)
inst_CNN_top/u_post_process/stage1_mult_reg[31][17]/D       0.54 F       0.54      -0.00(V)
inst_CNN_top/u_post_process/stage1_mult_reg[19][13]/D       0.54 F       0.54      -0.00(V)
inst_CNN_top/u_post_process/stage1_mult_reg[5][4]/D       0.54 F       0.54      -0.00(V)
inst_CNN_top/u_post_process/stage1_mult_reg[17][18]/D       0.54 F       0.54      -0.00(V)
inst_CNN_top/u_post_process/stage1_mult_reg[16][8]/D       0.54 F       0.54      -0.00(V)
inst_CNN_top/u_post_process/stage1_mult_reg[3][12]/D       0.54 F       0.54      -0.00(V)
inst_CNN_top/u_post_process/stage1_mult_reg[6][19]/D       0.54 F       0.54      -0.00(V)
inst_CNN_top/u_post_process/stage1_mult_reg[22][19]/D       0.54 F       0.54      -0.00(V)
inst_CNN_top/u_post_process/stage1_mult_reg[18][15]/D       0.54 F       0.54      -0.00(V)
inst_CNN_top/u_post_process/stage1_mult_reg[1][18]/D       0.54 F       0.54      -0.00(V)
inst_CNN_top/u_post_process/stage1_mult_reg[15][18]/D       0.54 F       0.54      -0.00(V)
inst_CNN_top/u_post_process/stage1_mult_reg[3][30]/D       0.54 F       0.54      -0.00(V)
inst_CNN_top/u_post_process/stage1_mult_reg[11][18]/D       0.54 F       0.54      -0.00(V)
inst_CNN_top/u_post_process/stage1_mult_reg[0][28]/D       0.54 F       0.54      -0.00(V)
inst_CNN_top/u_post_process/stage1_mult_reg[4][6]/D       0.54 F       0.54      -0.00(V)
inst_CNN_top/u_post_process/stage1_mult_reg[0][32]/D       0.54 F       0.54      -0.00(V)
inst_CNN_top/u_post_process/stage1_mult_reg[2][14]/D       0.54 F       0.54      -0.00(V)
inst_CNN_top/u_post_process/stage1_mult_reg[28][7]/D       0.54 F       0.54      -0.00(V)
inst_CNN_top/u_post_process/stage1_mult_reg[8][8]/D       0.54 F       0.54      -0.00(V)
inst_CNN_top/u_post_process/stage1_mult_reg[19][6]/D       0.54 F       0.54      -0.00(V)
inst_CNN_top/u_post_process/stage1_mult_reg[28][6]/D       0.54 F       0.54      -0.00(V)
inst_CNN_top/u_post_process/stage1_mult_reg[14][11]/D       0.54 F       0.54      -0.00(V)
inst_CNN_top/u_post_process/stage1_mult_reg[23][21]/D       0.54 F       0.54      -0.00(V)
inst_CNN_top/u_post_process/stage1_mult_reg[19][23]/D       0.54 F       0.54      -0.00(V)
inst_CNN_top/u_post_process/stage1_mult_reg[11][12]/D       0.54 F       0.54      -0.00(V)
inst_CNN_top/u_post_process/stage1_mult_reg[27][8]/D       0.54 F       0.54      -0.00(V)
inst_CNN_top/u_post_process/stage1_mult_reg[30][20]/D       0.54 F       0.54      -0.00(V)
inst_CNN_top/u_post_process/stage1_mult_reg[13][22]/D       0.54 F       0.54      -0.00(V)
inst_CNN_top/u_post_process/stage1_mult_reg[19][10]/D       0.54 F       0.54      -0.00(V)
inst_CNN_top/u_post_process/stage1_mult_reg[20][22]/D       0.54 F       0.54      -0.00(V)
inst_CNN_top/u_post_process/stage1_mult_reg[23][11]/D       0.54 F       0.54      -0.00(V)
inst_CNN_top/u_post_process/stage1_mult_reg[23][14]/D       0.54 F       0.54      -0.00(V)
inst_CNN_top/u_post_process/stage1_mult_reg[25][9]/D       0.54 F       0.54      -0.00(V)
inst_CNN_top/u_post_process/stage1_mult_reg[11][21]/D       0.54 F       0.54      -0.00(V)
inst_CNN_top/u_post_process/stage1_mult_reg[17][11]/D       0.54 F       0.54      -0.00(V)
inst_CNN_top/u_post_process/stage1_mult_reg[17][6]/D       0.54 F       0.54      -0.00(V)
inst_CNN_top/u_post_process/stage1_mult_reg[22][5]/D       0.54 F       0.54      -0.00(V)
inst_CNN_top/u_post_process/stage1_mult_reg[22][6]/D       0.54 F       0.54      -0.00(V)
inst_CNN_top/u_post_process/stage1_mult_reg[23][17]/D       0.54 F       0.54      -0.00(V)
inst_CNN_top/u_post_process/stage1_mult_reg[25][12]/D       0.54 F       0.54      -0.00(V)
inst_CNN_top/u_post_process/stage1_mult_reg[25][22]/D       0.54 F       0.54      -0.00(V)
inst_CNN_top/u_post_process/stage1_mult_reg[29][13]/D       0.54 F       0.54      -0.00(V)
inst_CNN_top/u_post_process/stage1_mult_reg[29][21]/D       0.54 F       0.54      -0.00(V)
inst_CNN_top/u_post_process/stage1_mult_reg[29][8]/D       0.54 F       0.54      -0.00(V)
inst_CNN_top/u_post_process/stage1_mult_reg[2][20]/D       0.54 F       0.54      -0.00(V)
inst_CNN_top/u_post_process/stage1_mult_reg[4][5]/D       0.54 F       0.54      -0.00(V)
inst_CNN_top/u_post_process/stage1_mult_reg[17][22]/D       0.54 F       0.54      -0.00(V)
inst_CNN_top/u_post_process/stage1_mult_reg[26][6]/D       0.54 F       0.54      -0.00(V)
inst_CNN_top/u_post_process/stage1_mult_reg[2][7]/D       0.54 F       0.54      -0.00(V)
inst_CNN_top/u_post_process/stage1_mult_reg[16][11]/D       0.54 F       0.54      -0.00(V)
inst_CNN_top/u_post_process/stage1_mult_reg[8][20]/D       0.54 F       0.54      -0.00(V)
inst_CNN_top/u_post_process/stage1_mult_reg[15][10]/D       0.54 F       0.54      -0.00(V)
inst_CNN_top/u_post_process/stage1_mult_reg[29][19]/D       0.54 F       0.54      -0.00(V)
inst_CNN_top/u_post_process/stage1_mult_reg[8][19]/D       0.54 F       0.54      -0.00(V)
inst_CNN_top/u_post_process/stage1_mult_reg[0][33]/D       0.54 F       0.54      -0.00(V)
inst_CNN_top/u_post_process/stage1_mult_reg[0][9]/D       0.54 F       0.54      -0.00(V)
inst_CNN_top/u_post_process/stage1_mult_reg[16][9]/D       0.54 F       0.54      -0.00(V)
inst_CNN_top/u_post_process/stage1_mult_reg[20][11]/D       0.54 F       0.54      -0.00(V)
inst_CNN_top/u_post_process/stage1_mult_reg[6][27]/D       0.54 F       0.54      -0.00(V)
inst_CNN_top/u_post_process/stage1_mult_reg[7][10]/D       0.54 F       0.54      -0.00(V)
inst_CNN_top/u_post_process/stage1_mult_reg[8][14]/D       0.54 F       0.54      -0.00(V)
inst_CNN_top/u_post_process/stage1_mult_reg[16][15]/D       0.54 F       0.54      -0.00(V)
inst_CNN_top/u_post_process/stage1_mult_reg[17][16]/D       0.54 F       0.54      -0.00(V)
inst_CNN_top/u_post_process/stage1_mult_reg[1][19]/D       0.54 F       0.54      -0.00(V)
inst_CNN_top/u_post_process/stage1_mult_reg[29][17]/D       0.54 F       0.54      -0.00(V)
inst_CNN_top/u_post_process/stage1_mult_reg[0][24]/D       0.54 F       0.54      -0.00(V)
inst_CNN_top/u_post_process/stage1_mult_reg[5][9]/D       0.54 F       0.54      -0.00(V)
inst_CNN_top/u_post_process/stage1_mult_reg[26][17]/D       0.54 F       0.54      -0.00(V)
inst_CNN_top/u_post_process/stage1_mult_reg[6][25]/D       0.54 F       0.54      -0.00(V)
inst_CNN_top/u_post_process/stage1_mult_reg[28][21]/D       0.54 F       0.54      -0.00(V)
inst_CNN_top/u_post_process/stage1_mult_reg[15][13]/D       0.54 F       0.54      -0.00(V)
inst_CNN_top/u_post_process/stage1_mult_reg[8][18]/D       0.54 F       0.54      -0.00(V)
inst_CNN_top/u_post_process/stage1_mult_reg[0][22]/D       0.54 F       0.54      -0.00(V)
inst_CNN_top/u_post_process/stage1_mult_reg[24][21]/D       0.54 F       0.54      -0.00(V)
inst_CNN_top/u_post_process/stage1_mult_reg[26][15]/D       0.54 F       0.54      -0.00(V)
inst_CNN_top/u_post_process/stage1_mult_reg[2][31]/D       0.54 F       0.54      -0.00(V)
inst_CNN_top/u_post_process/stage1_mult_reg[3][19]/D       0.54 F       0.54      -0.00(V)
inst_CNN_top/u_post_process/stage1_mult_reg[8][6]/D       0.54 F       0.54      -0.00(V)
inst_CNN_top/u_post_process/stage1_mult_reg[13][12]/D       0.54 F       0.54      -0.00(V)
inst_CNN_top/u_post_process/stage1_mult_reg[5][10]/D       0.54 F       0.54      -0.00(V)
inst_CNN_top/u_post_process/stage1_mult_reg[18][14]/D       0.54 F       0.54      -0.00(V)
inst_CNN_top/u_post_process/stage1_mult_reg[31][6]/D       0.54 F       0.54      -0.00(V)
inst_CNN_top/u_post_process/stage1_mult_reg[7][18]/D       0.54 F       0.54      -0.00(V)
inst_CNN_top/u_post_process/stage1_mult_reg[23][23]/D       0.54 F       0.54      -0.00(V)
inst_CNN_top/u_post_process/stage1_mult_reg[25][17]/D       0.54 F       0.54      -0.00(V)
inst_CNN_top/u_post_process/stage1_mult_reg[5][8]/D       0.54 F       0.54      -0.00(V)
inst_CNN_top/u_post_process/stage1_mult_reg[10][15]/D       0.54 F       0.54      -0.00(V)
inst_CNN_top/u_post_process/stage1_mult_reg[7][21]/D       0.54 F       0.54      -0.00(V)
inst_CNN_top/u_post_process/stage1_mult_reg[18][20]/D       0.54 F       0.54      -0.00(V)
inst_CNN_top/u_post_process/stage1_mult_reg[15][17]/D       0.54 F       0.54      -0.00(V)
inst_CNN_top/u_post_process/stage1_mult_reg[21][14]/D       0.54 F       0.54      -0.00(V)
inst_CNN_top/u_post_process/stage1_mult_reg[30][3]/D       0.54 F       0.54      -0.00(V)
inst_CNN_top/u_post_process/stage1_mult_reg[7][16]/D       0.54 F       0.54      -0.00(V)
inst_CNN_top/u_post_process/stage1_mult_reg[8][16]/D       0.54 F       0.54      -0.00(V)
inst_CNN_top/u_post_process/stage1_mult_reg[13][9]/D       0.54 F       0.54      -0.00(V)
inst_CNN_top/u_post_process/stage1_mult_reg[31][18]/D       0.54 F       0.54      -0.00(V)
inst_CNN_top/u_post_process/stage1_mult_reg[3][9]/D       0.54 F       0.54      -0.00(V)
inst_CNN_top/u_post_process/stage1_mult_reg[4][12]/D       0.54 F       0.54      -0.00(V)
inst_CNN_top/u_post_process/stage1_mult_reg[9][21]/D       0.54 F       0.54      -0.00(V)
inst_CNN_top/u_post_process/stage1_mult_reg[0][19]/D       0.54 F       0.54      -0.00(V)
inst_CNN_top/u_post_process/stage1_mult_reg[14][21]/D       0.54 F       0.54      -0.00(V)
inst_CNN_top/u_post_process/stage1_mult_reg[28][20]/D       0.54 F       0.54      -0.00(V)
inst_CNN_top/u_post_process/stage1_mult_reg[10][20]/D       0.54 F       0.54      -0.00(V)
inst_CNN_top/u_post_process/stage1_mult_reg[21][10]/D       0.54 F       0.54      -0.00(V)
inst_CNN_top/u_post_process/stage1_mult_reg[22][22]/D       0.54 F       0.54      -0.00(V)
inst_CNN_top/u_post_process/stage1_mult_reg[4][10]/D       0.54 F       0.54      -0.00(V)
inst_CNN_top/u_post_process/stage1_mult_reg[0][18]/D       0.54 F       0.54      -0.00(V)
inst_CNN_top/u_post_process/stage1_mult_reg[6][12]/D       0.54 F       0.54      -0.00(V)
inst_CNN_top/u_post_process/stage1_mult_reg[12][21]/D       0.54 F       0.54      -0.00(V)
inst_CNN_top/u_post_process/stage1_mult_reg[20][8]/D       0.54 F       0.54      -0.00(V)
inst_CNN_top/u_post_process/stage1_mult_reg[24][16]/D       0.54 F       0.54      -0.00(V)
inst_CNN_top/u_post_process/stage1_mult_reg[4][19]/D       0.54 F       0.54      -0.00(V)
inst_CNN_top/u_post_process/stage1_mult_reg[1][26]/D       0.54 F       0.54      -0.00(V)
inst_CNN_top/u_post_process/stage1_mult_reg[29][6]/D       0.54 F       0.54      -0.00(V)
inst_CNN_top/u_post_process/stage1_mult_reg[30][12]/D       0.54 F       0.54      -0.00(V)
inst_CNN_top/u_post_process/stage1_mult_reg[13][4]/D       0.54 F       0.54      -0.00(V)
inst_CNN_top/u_post_process/stage1_mult_reg[21][6]/D       0.54 F       0.54      -0.00(V)
inst_CNN_top/u_post_process/stage1_mult_reg[15][20]/D       0.54 F       0.54      -0.00(V)
inst_CNN_top/u_post_process/stage1_mult_reg[2][10]/D       0.54 F       0.54      -0.00(V)
inst_CNN_top/u_post_process/stage1_mult_reg[9][19]/D       0.54 F       0.54      -0.00(V)
inst_CNN_top/u_post_process/stage1_mult_reg[0][10]/D       0.54 F       0.54      -0.00(V)
inst_CNN_top/u_post_process/stage1_mult_reg[12][2]/D       0.54 F       0.54      -0.00(V)
inst_CNN_top/u_post_process/stage1_mult_reg[3][22]/D       0.54 F       0.54      -0.00(V)
inst_CNN_top/u_post_process/stage1_mult_reg[17][12]/D       0.54 F       0.54      -0.00(V)
inst_CNN_top/u_post_process/stage1_mult_reg[19][12]/D       0.54 F       0.54      -0.00(V)
inst_CNN_top/act_waddr_pipe_reg[0][8]/D             0.52 F       0.52      -0.00(V)
inst_CNN_top/u_line_buffer/cb_reg[106][0]/D         0.54 F       0.54      -0.00(V)
inst_CNN_top/u_line_buffer/cb_reg[106][1]/D         0.54 F       0.54      -0.00(V)
inst_CNN_top/u_line_buffer/cb_reg[106][2]/D         0.54 F       0.54      -0.00(V)
inst_CNN_top/u_line_buffer/cb_reg[106][3]/D         0.54 F       0.54      -0.00(V)
inst_CNN_top/u_line_buffer/cb_reg[106][4]/D         0.54 F       0.54      -0.00(V)
inst_CNN_top/u_line_buffer/cb_reg[106][5]/D         0.54 F       0.54      -0.00(V)
inst_CNN_top/u_line_buffer/cb_reg[106][6]/D         0.54 F       0.54      -0.00(V)
inst_CNN_top/u_line_buffer/cb_reg[106][7]/D         0.54 F       0.54      -0.00(V)
inst_CNN_top/u_line_buffer/db_reg[10][100]/D        0.54 F       0.54      -0.00(V)
inst_CNN_top/u_line_buffer/db_reg[10][101]/D        0.54 F       0.54      -0.00(V)
inst_CNN_top/u_line_buffer/db_reg[10][102]/D        0.54 F       0.54      -0.00(V)
inst_CNN_top/u_line_buffer/db_reg[10][103]/D        0.54 F       0.54      -0.00(V)
inst_CNN_top/u_line_buffer/db_reg[10][104]/D        0.54 F       0.54      -0.00(V)
inst_CNN_top/u_line_buffer/db_reg[10][105]/D        0.54 F       0.54      -0.00(V)
inst_CNN_top/u_line_buffer/db_reg[10][106]/D        0.54 F       0.54      -0.00(V)
inst_CNN_top/u_line_buffer/db_reg[10][107]/D        0.54 F       0.54      -0.00(V)
inst_CNN_top/u_line_buffer/db_reg[10][108]/D        0.54 F       0.54      -0.00(V)
inst_CNN_top/u_line_buffer/db_reg[10][109]/D        0.54 F       0.54      -0.00(V)
inst_CNN_top/u_line_buffer/db_reg[10][10]/D         0.54 F       0.54      -0.00(V)
inst_CNN_top/u_line_buffer/db_reg[10][110]/D        0.54 F       0.54      -0.00(V)
inst_CNN_top/u_line_buffer/db_reg[10][111]/D        0.54 F       0.54      -0.00(V)
inst_CNN_top/u_line_buffer/db_reg[10][112]/D        0.54 F       0.54      -0.00(V)
inst_CNN_top/u_line_buffer/db_reg[10][113]/D        0.54 F       0.54      -0.00(V)
inst_CNN_top/u_line_buffer/db_reg[10][114]/D        0.54 F       0.54      -0.00(V)
inst_CNN_top/u_line_buffer/db_reg[10][115]/D        0.54 F       0.54      -0.00(V)
inst_CNN_top/u_line_buffer/db_reg[10][116]/D        0.54 F       0.54      -0.00(V)
inst_CNN_top/u_line_buffer/db_reg[10][117]/D        0.54 F       0.54      -0.00(V)
inst_CNN_top/u_line_buffer/db_reg[10][118]/D        0.54 F       0.54      -0.00(V)
inst_CNN_top/u_line_buffer/db_reg[10][119]/D        0.54 F       0.54      -0.00(V)
inst_CNN_top/u_line_buffer/db_reg[10][11]/D         0.54 F       0.54      -0.00(V)
inst_CNN_top/u_line_buffer/db_reg[10][120]/D        0.54 F       0.54      -0.00(V)
inst_CNN_top/u_line_buffer/db_reg[10][121]/D        0.54 F       0.54      -0.00(V)
inst_CNN_top/u_line_buffer/db_reg[10][122]/D        0.54 F       0.54      -0.00(V)
inst_CNN_top/u_line_buffer/db_reg[10][123]/D        0.54 F       0.54      -0.00(V)
inst_CNN_top/u_line_buffer/db_reg[10][124]/D        0.54 F       0.54      -0.00(V)
inst_CNN_top/u_line_buffer/db_reg[10][125]/D        0.54 F       0.54      -0.00(V)
inst_CNN_top/u_line_buffer/db_reg[10][126]/D        0.54 F       0.54      -0.00(V)
inst_CNN_top/u_line_buffer/db_reg[10][127]/D        0.54 F       0.54      -0.00(V)
inst_CNN_top/u_line_buffer/db_reg[10][128]/D        0.54 F       0.54      -0.00(V)
inst_CNN_top/u_line_buffer/db_reg[10][129]/D        0.54 F       0.54      -0.00(V)
inst_CNN_top/u_line_buffer/db_reg[10][12]/D         0.54 F       0.54      -0.00(V)
inst_CNN_top/u_line_buffer/db_reg[10][130]/D        0.54 F       0.54      -0.00(V)
inst_CNN_top/u_line_buffer/db_reg[10][131]/D        0.54 F       0.54      -0.00(V)
inst_CNN_top/u_line_buffer/db_reg[10][132]/D        0.54 F       0.54      -0.00(V)
inst_CNN_top/u_line_buffer/db_reg[10][133]/D        0.54 F       0.54      -0.00(V)
inst_CNN_top/u_line_buffer/db_reg[10][134]/D        0.54 F       0.54      -0.00(V)
inst_CNN_top/u_line_buffer/db_reg[10][135]/D        0.54 F       0.54      -0.00(V)
inst_CNN_top/u_line_buffer/db_reg[10][136]/D        0.54 F       0.54      -0.00(V)
inst_CNN_top/u_line_buffer/db_reg[10][137]/D        0.54 F       0.54      -0.00(V)
inst_CNN_top/u_line_buffer/db_reg[10][138]/D        0.54 F       0.54      -0.00(V)
inst_CNN_top/u_line_buffer/db_reg[10][139]/D        0.54 F       0.54      -0.00(V)
inst_CNN_top/u_line_buffer/db_reg[10][13]/D         0.54 F       0.54      -0.00(V)
inst_CNN_top/u_line_buffer/db_reg[10][140]/D        0.54 F       0.54      -0.00(V)
inst_CNN_top/u_line_buffer/db_reg[10][141]/D        0.54 F       0.54      -0.00(V)
inst_CNN_top/u_line_buffer/db_reg[10][142]/D        0.54 F       0.54      -0.00(V)
inst_CNN_top/u_line_buffer/db_reg[10][143]/D        0.54 F       0.54      -0.00(V)
inst_CNN_top/u_line_buffer/db_reg[10][144]/D        0.54 F       0.54      -0.00(V)
inst_CNN_top/u_line_buffer/db_reg[10][145]/D        0.54 F       0.54      -0.00(V)
inst_CNN_top/u_line_buffer/db_reg[10][146]/D        0.54 F       0.54      -0.00(V)
inst_CNN_top/u_line_buffer/db_reg[10][147]/D        0.54 F       0.54      -0.00(V)
inst_CNN_top/u_line_buffer/db_reg[10][148]/D        0.54 F       0.54      -0.00(V)
inst_CNN_top/u_line_buffer/db_reg[10][149]/D        0.54 F       0.54      -0.00(V)
inst_CNN_top/u_line_buffer/db_reg[10][14]/D         0.54 F       0.54      -0.00(V)
inst_CNN_top/u_line_buffer/db_reg[10][150]/D        0.54 F       0.54      -0.00(V)
inst_CNN_top/u_line_buffer/db_reg[10][151]/D        0.54 F       0.54      -0.00(V)
inst_CNN_top/u_line_buffer/db_reg[10][152]/D        0.54 F       0.54      -0.00(V)
inst_CNN_top/u_line_buffer/db_reg[10][153]/D        0.54 F       0.54      -0.00(V)
inst_CNN_top/u_line_buffer/db_reg[10][154]/D        0.54 F       0.54      -0.00(V)
inst_CNN_top/u_line_buffer/db_reg[10][155]/D        0.54 F       0.54      -0.00(V)
inst_CNN_top/u_line_buffer/db_reg[10][156]/D        0.54 F       0.54      -0.00(V)
inst_CNN_top/u_line_buffer/db_reg[10][157]/D        0.54 F       0.54      -0.00(V)
inst_CNN_top/u_line_buffer/db_reg[10][158]/D        0.54 F       0.54      -0.00(V)
inst_CNN_top/u_line_buffer/db_reg[10][159]/D        0.54 F       0.54      -0.00(V)
inst_CNN_top/u_line_buffer/db_reg[10][15]/D         0.54 F       0.54      -0.00(V)
inst_CNN_top/u_line_buffer/db_reg[10][160]/D        0.54 F       0.54      -0.00(V)
inst_CNN_top/u_line_buffer/db_reg[10][161]/D        0.54 F       0.54      -0.00(V)
inst_CNN_top/u_line_buffer/db_reg[10][162]/D        0.54 F       0.54      -0.00(V)
inst_CNN_top/u_line_buffer/db_reg[10][163]/D        0.54 F       0.54      -0.00(V)
inst_CNN_top/u_line_buffer/db_reg[10][164]/D        0.54 F       0.54      -0.00(V)
inst_CNN_top/u_line_buffer/db_reg[10][165]/D        0.54 F       0.54      -0.00(V)
inst_CNN_top/u_line_buffer/db_reg[10][166]/D        0.54 F       0.54      -0.00(V)
inst_CNN_top/u_line_buffer/db_reg[10][167]/D        0.54 F       0.54      -0.00(V)
inst_CNN_top/u_line_buffer/db_reg[10][168]/D        0.54 F       0.54      -0.00(V)
inst_CNN_top/u_line_buffer/db_reg[10][169]/D        0.54 F       0.54      -0.00(V)
inst_CNN_top/u_line_buffer/db_reg[10][16]/D         0.54 F       0.54      -0.00(V)
inst_CNN_top/u_line_buffer/db_reg[10][170]/D        0.54 F       0.54      -0.00(V)
inst_CNN_top/u_line_buffer/db_reg[10][171]/D        0.54 F       0.54      -0.00(V)
inst_CNN_top/u_line_buffer/db_reg[10][172]/D        0.54 F       0.54      -0.00(V)
inst_CNN_top/u_line_buffer/db_reg[10][173]/D        0.54 F       0.54      -0.00(V)
inst_CNN_top/u_line_buffer/db_reg[10][174]/D        0.54 F       0.54      -0.00(V)
inst_CNN_top/u_line_buffer/db_reg[10][175]/D        0.54 F       0.54      -0.00(V)
inst_CNN_top/u_line_buffer/db_reg[10][176]/D        0.54 F       0.54      -0.00(V)
inst_CNN_top/u_line_buffer/db_reg[10][177]/D        0.54 F       0.54      -0.00(V)
inst_CNN_top/u_line_buffer/db_reg[10][178]/D        0.54 F       0.54      -0.00(V)
inst_CNN_top/u_line_buffer/db_reg[10][179]/D        0.54 F       0.54      -0.00(V)
inst_CNN_top/u_line_buffer/db_reg[10][17]/D         0.54 F       0.54      -0.00(V)
inst_CNN_top/u_line_buffer/db_reg[10][180]/D        0.54 F       0.54      -0.00(V)
inst_CNN_top/u_line_buffer/db_reg[10][181]/D        0.54 F       0.54      -0.00(V)
inst_CNN_top/u_line_buffer/db_reg[10][182]/D        0.54 F       0.54      -0.00(V)
inst_CNN_top/u_line_buffer/db_reg[10][183]/D        0.54 F       0.54      -0.00(V)
inst_CNN_top/u_line_buffer/db_reg[10][184]/D        0.54 F       0.54      -0.00(V)
inst_CNN_top/u_line_buffer/db_reg[10][185]/D        0.54 F       0.54      -0.00(V)
inst_CNN_top/u_line_buffer/db_reg[10][186]/D        0.54 F       0.54      -0.00(V)
inst_CNN_top/u_line_buffer/db_reg[10][187]/D        0.54 F       0.54      -0.00(V)
inst_CNN_top/u_line_buffer/db_reg[10][188]/D        0.54 F       0.54      -0.00(V)
inst_CNN_top/u_line_buffer/db_reg[10][189]/D        0.54 F       0.54      -0.00(V)
inst_CNN_top/u_line_buffer/db_reg[10][18]/D         0.54 F       0.54      -0.00(V)
inst_CNN_top/u_line_buffer/db_reg[10][190]/D        0.54 F       0.54      -0.00(V)
inst_CNN_top/u_line_buffer/db_reg[10][191]/D        0.54 F       0.54      -0.00(V)
inst_CNN_top/u_line_buffer/db_reg[10][192]/D        0.54 F       0.54      -0.00(V)
inst_CNN_top/u_line_buffer/db_reg[10][193]/D        0.54 F       0.54      -0.00(V)
inst_CNN_top/u_line_buffer/db_reg[10][194]/D        0.54 F       0.54      -0.00(V)
inst_CNN_top/u_line_buffer/db_reg[10][195]/D        0.54 F       0.54      -0.00(V)
inst_CNN_top/u_line_buffer/db_reg[10][196]/D        0.54 F       0.54      -0.00(V)
inst_CNN_top/u_line_buffer/db_reg[10][197]/D        0.54 F       0.54      -0.00(V)
inst_CNN_top/u_line_buffer/db_reg[10][198]/D        0.54 F       0.54      -0.00(V)
inst_CNN_top/u_line_buffer/db_reg[10][199]/D        0.54 F       0.54      -0.00(V)
inst_CNN_top/u_line_buffer/db_reg[10][19]/D         0.54 F       0.54      -0.00(V)
inst_CNN_top/u_line_buffer/db_reg[10][200]/D        0.54 F       0.54      -0.00(V)
inst_CNN_top/u_line_buffer/db_reg[10][201]/D        0.54 F       0.54      -0.00(V)
inst_CNN_top/u_line_buffer/db_reg[10][202]/D        0.54 F       0.54      -0.00(V)
inst_CNN_top/u_line_buffer/db_reg[10][203]/D        0.54 F       0.54      -0.00(V)
inst_CNN_top/u_line_buffer/db_reg[10][204]/D        0.54 F       0.54      -0.00(V)
inst_CNN_top/u_line_buffer/db_reg[10][205]/D        0.54 F       0.54      -0.00(V)
inst_CNN_top/u_line_buffer/db_reg[10][206]/D        0.54 F       0.54      -0.00(V)
inst_CNN_top/u_line_buffer/db_reg[10][207]/D        0.54 F       0.54      -0.00(V)
inst_CNN_top/u_line_buffer/db_reg[10][208]/D        0.54 F       0.54      -0.00(V)
inst_CNN_top/u_line_buffer/db_reg[10][209]/D        0.54 F       0.54      -0.00(V)
inst_CNN_top/u_line_buffer/db_reg[10][20]/D         0.54 F       0.54      -0.00(V)
inst_CNN_top/u_line_buffer/db_reg[10][210]/D        0.54 F       0.54      -0.00(V)
inst_CNN_top/u_line_buffer/db_reg[10][211]/D        0.54 F       0.54      -0.00(V)
inst_CNN_top/u_line_buffer/db_reg[10][212]/D        0.54 F       0.54      -0.00(V)
inst_CNN_top/u_line_buffer/db_reg[10][213]/D        0.54 F       0.54      -0.00(V)
inst_CNN_top/u_line_buffer/db_reg[10][214]/D        0.54 F       0.54      -0.00(V)
inst_CNN_top/u_line_buffer/db_reg[10][215]/D        0.54 F       0.54      -0.00(V)
inst_CNN_top/u_line_buffer/db_reg[10][216]/D        0.54 F       0.54      -0.00(V)
inst_CNN_top/u_line_buffer/db_reg[10][217]/D        0.54 F       0.54      -0.00(V)
inst_CNN_top/u_line_buffer/db_reg[10][218]/D        0.54 F       0.54      -0.00(V)
inst_CNN_top/u_line_buffer/db_reg[10][219]/D        0.54 F       0.54      -0.00(V)
inst_CNN_top/u_line_buffer/db_reg[10][21]/D         0.54 F       0.54      -0.00(V)
inst_CNN_top/u_line_buffer/db_reg[10][220]/D        0.54 F       0.54      -0.00(V)
inst_CNN_top/u_line_buffer/db_reg[10][221]/D        0.54 F       0.54      -0.00(V)
inst_CNN_top/u_line_buffer/db_reg[10][222]/D        0.54 F       0.54      -0.00(V)
inst_CNN_top/u_line_buffer/db_reg[10][223]/D        0.54 F       0.54      -0.00(V)
inst_CNN_top/u_line_buffer/db_reg[10][224]/D        0.54 F       0.54      -0.00(V)
inst_CNN_top/u_line_buffer/db_reg[10][225]/D        0.54 F       0.54      -0.00(V)
inst_CNN_top/u_line_buffer/db_reg[10][226]/D        0.54 F       0.54      -0.00(V)
inst_CNN_top/u_line_buffer/db_reg[10][227]/D        0.54 F       0.54      -0.00(V)
inst_CNN_top/u_line_buffer/db_reg[10][228]/D        0.54 F       0.54      -0.00(V)
inst_CNN_top/u_line_buffer/db_reg[10][229]/D        0.54 F       0.54      -0.00(V)
inst_CNN_top/u_line_buffer/db_reg[10][22]/D         0.54 F       0.54      -0.00(V)
inst_CNN_top/u_line_buffer/db_reg[10][230]/D        0.54 F       0.54      -0.00(V)
inst_CNN_top/u_line_buffer/db_reg[10][231]/D        0.54 F       0.54      -0.00(V)
inst_CNN_top/u_line_buffer/db_reg[10][232]/D        0.54 F       0.54      -0.00(V)
inst_CNN_top/u_line_buffer/db_reg[10][233]/D        0.54 F       0.54      -0.00(V)
inst_CNN_top/u_line_buffer/db_reg[10][234]/D        0.54 F       0.54      -0.00(V)
inst_CNN_top/u_line_buffer/db_reg[10][235]/D        0.54 F       0.54      -0.00(V)
inst_CNN_top/u_line_buffer/db_reg[10][236]/D        0.54 F       0.54      -0.00(V)
inst_CNN_top/u_line_buffer/db_reg[10][237]/D        0.54 F       0.54      -0.00(V)
inst_CNN_top/u_line_buffer/db_reg[10][238]/D        0.54 F       0.54      -0.00(V)
inst_CNN_top/u_line_buffer/db_reg[10][239]/D        0.54 F       0.54      -0.00(V)
inst_CNN_top/u_line_buffer/db_reg[10][23]/D         0.54 F       0.54      -0.00(V)
inst_CNN_top/u_line_buffer/db_reg[10][240]/D        0.54 F       0.54      -0.00(V)
inst_CNN_top/u_line_buffer/db_reg[10][241]/D        0.54 F       0.54      -0.00(V)
inst_CNN_top/u_line_buffer/db_reg[10][242]/D        0.54 F       0.54      -0.00(V)
inst_CNN_top/u_line_buffer/db_reg[10][243]/D        0.54 F       0.54      -0.00(V)
inst_CNN_top/u_line_buffer/db_reg[10][244]/D        0.54 F       0.54      -0.00(V)
inst_CNN_top/u_line_buffer/db_reg[10][245]/D        0.54 F       0.54      -0.00(V)
inst_CNN_top/u_line_buffer/db_reg[10][246]/D        0.54 F       0.54      -0.00(V)
inst_CNN_top/u_line_buffer/db_reg[10][247]/D        0.54 F       0.54      -0.00(V)
inst_CNN_top/u_line_buffer/db_reg[10][248]/D        0.54 F       0.54      -0.00(V)
inst_CNN_top/u_line_buffer/db_reg[10][249]/D        0.54 F       0.54      -0.00(V)
inst_CNN_top/u_line_buffer/db_reg[10][24]/D         0.54 F       0.54      -0.00(V)
inst_CNN_top/u_line_buffer/db_reg[10][250]/D        0.54 F       0.54      -0.00(V)
inst_CNN_top/u_line_buffer/db_reg[10][251]/D        0.54 F       0.54      -0.00(V)
inst_CNN_top/u_line_buffer/db_reg[10][252]/D        0.54 F       0.54      -0.00(V)
inst_CNN_top/u_line_buffer/db_reg[10][253]/D        0.54 F       0.54      -0.00(V)
inst_CNN_top/u_line_buffer/db_reg[10][254]/D        0.54 F       0.54      -0.00(V)
inst_CNN_top/u_line_buffer/db_reg[10][255]/D        0.54 F       0.54      -0.00(V)
inst_CNN_top/u_line_buffer/db_reg[10][25]/D         0.54 F       0.54      -0.00(V)
inst_CNN_top/u_line_buffer/db_reg[10][26]/D         0.54 F       0.54      -0.00(V)
inst_CNN_top/u_line_buffer/db_reg[10][27]/D         0.54 F       0.54      -0.00(V)
inst_CNN_top/u_line_buffer/db_reg[10][28]/D         0.54 F       0.54      -0.00(V)
inst_CNN_top/u_line_buffer/db_reg[10][29]/D         0.54 F       0.54      -0.00(V)
inst_CNN_top/u_line_buffer/db_reg[10][30]/D         0.54 F       0.54      -0.00(V)
inst_CNN_top/u_line_buffer/db_reg[10][31]/D         0.54 F       0.54      -0.00(V)
inst_CNN_top/u_line_buffer/db_reg[10][32]/D         0.54 F       0.54      -0.00(V)
inst_CNN_top/u_line_buffer/db_reg[10][33]/D         0.54 F       0.54      -0.00(V)
inst_CNN_top/u_line_buffer/db_reg[10][34]/D         0.54 F       0.54      -0.00(V)
inst_CNN_top/u_line_buffer/db_reg[10][35]/D         0.54 F       0.54      -0.00(V)
inst_CNN_top/u_line_buffer/db_reg[10][36]/D         0.54 F       0.54      -0.00(V)
inst_CNN_top/u_line_buffer/db_reg[10][37]/D         0.54 F       0.54      -0.00(V)
inst_CNN_top/u_line_buffer/db_reg[10][38]/D         0.54 F       0.54      -0.00(V)
inst_CNN_top/u_line_buffer/db_reg[10][39]/D         0.54 F       0.54      -0.00(V)
inst_CNN_top/u_line_buffer/db_reg[10][40]/D         0.54 F       0.54      -0.00(V)
inst_CNN_top/u_line_buffer/db_reg[10][41]/D         0.54 F       0.54      -0.00(V)
inst_CNN_top/u_line_buffer/db_reg[10][42]/D         0.54 F       0.54      -0.00(V)
inst_CNN_top/u_line_buffer/db_reg[10][43]/D         0.54 F       0.54      -0.00(V)
inst_CNN_top/u_line_buffer/db_reg[10][44]/D         0.54 F       0.54      -0.00(V)
inst_CNN_top/u_line_buffer/db_reg[10][45]/D         0.54 F       0.54      -0.00(V)
inst_CNN_top/u_line_buffer/db_reg[10][46]/D         0.54 F       0.54      -0.00(V)
inst_CNN_top/u_line_buffer/db_reg[10][47]/D         0.54 F       0.54      -0.00(V)
inst_CNN_top/u_line_buffer/db_reg[10][48]/D         0.54 F       0.54      -0.00(V)
inst_CNN_top/u_line_buffer/db_reg[10][49]/D         0.54 F       0.54      -0.00(V)
inst_CNN_top/u_line_buffer/db_reg[10][50]/D         0.54 F       0.54      -0.00(V)
inst_CNN_top/u_line_buffer/db_reg[10][51]/D         0.54 F       0.54      -0.00(V)
inst_CNN_top/u_line_buffer/db_reg[10][52]/D         0.54 F       0.54      -0.00(V)
inst_CNN_top/u_line_buffer/db_reg[10][53]/D         0.54 F       0.54      -0.00(V)
inst_CNN_top/u_line_buffer/db_reg[10][54]/D         0.54 F       0.54      -0.00(V)
inst_CNN_top/u_line_buffer/db_reg[10][55]/D         0.54 F       0.54      -0.00(V)
inst_CNN_top/u_line_buffer/db_reg[10][56]/D         0.54 F       0.54      -0.00(V)
inst_CNN_top/u_line_buffer/db_reg[10][57]/D         0.54 F       0.54      -0.00(V)
inst_CNN_top/u_line_buffer/db_reg[10][58]/D         0.54 F       0.54      -0.00(V)
inst_CNN_top/u_line_buffer/db_reg[10][59]/D         0.54 F       0.54      -0.00(V)
inst_CNN_top/u_line_buffer/db_reg[10][60]/D         0.54 F       0.54      -0.00(V)
inst_CNN_top/u_line_buffer/db_reg[10][61]/D         0.54 F       0.54      -0.00(V)
inst_CNN_top/u_line_buffer/db_reg[10][62]/D         0.54 F       0.54      -0.00(V)
inst_CNN_top/u_line_buffer/db_reg[10][63]/D         0.54 F       0.54      -0.00(V)
inst_CNN_top/u_line_buffer/db_reg[10][64]/D         0.54 F       0.54      -0.00(V)
inst_CNN_top/u_line_buffer/db_reg[10][65]/D         0.54 F       0.54      -0.00(V)
inst_CNN_top/u_line_buffer/db_reg[10][66]/D         0.54 F       0.54      -0.00(V)
inst_CNN_top/u_line_buffer/db_reg[10][67]/D         0.54 F       0.54      -0.00(V)
inst_CNN_top/u_line_buffer/db_reg[10][68]/D         0.54 F       0.54      -0.00(V)
inst_CNN_top/u_line_buffer/db_reg[10][69]/D         0.54 F       0.54      -0.00(V)
inst_CNN_top/u_line_buffer/db_reg[10][70]/D         0.54 F       0.54      -0.00(V)
inst_CNN_top/u_line_buffer/db_reg[10][72]/D         0.54 F       0.54      -0.00(V)
inst_CNN_top/u_line_buffer/db_reg[10][73]/D         0.54 F       0.54      -0.00(V)
inst_CNN_top/u_line_buffer/db_reg[10][74]/D         0.54 F       0.54      -0.00(V)
inst_CNN_top/u_line_buffer/db_reg[10][75]/D         0.54 F       0.54      -0.00(V)
inst_CNN_top/u_line_buffer/db_reg[10][76]/D         0.54 F       0.54      -0.00(V)
inst_CNN_top/u_line_buffer/db_reg[10][77]/D         0.54 F       0.54      -0.00(V)
inst_CNN_top/u_line_buffer/db_reg[10][78]/D         0.54 F       0.54      -0.00(V)
inst_CNN_top/u_line_buffer/db_reg[10][79]/D         0.54 F       0.54      -0.00(V)
inst_CNN_top/u_line_buffer/db_reg[10][80]/D         0.54 F       0.54      -0.00(V)
inst_CNN_top/u_line_buffer/db_reg[10][81]/D         0.54 F       0.54      -0.00(V)
inst_CNN_top/u_line_buffer/db_reg[10][82]/D         0.54 F       0.54      -0.00(V)
inst_CNN_top/u_line_buffer/db_reg[10][83]/D         0.54 F       0.54      -0.00(V)
inst_CNN_top/u_line_buffer/db_reg[10][84]/D         0.54 F       0.54      -0.00(V)
inst_CNN_top/u_line_buffer/db_reg[10][85]/D         0.54 F       0.54      -0.00(V)
inst_CNN_top/u_line_buffer/db_reg[10][86]/D         0.54 F       0.54      -0.00(V)
inst_CNN_top/u_line_buffer/db_reg[10][87]/D         0.54 F       0.54      -0.00(V)
inst_CNN_top/u_line_buffer/db_reg[10][88]/D         0.54 F       0.54      -0.00(V)
inst_CNN_top/u_line_buffer/db_reg[10][89]/D         0.54 F       0.54      -0.00(V)
inst_CNN_top/u_line_buffer/db_reg[10][8]/D          0.54 F       0.54      -0.00(V)
inst_CNN_top/u_line_buffer/db_reg[10][90]/D         0.54 F       0.54      -0.00(V)
inst_CNN_top/u_line_buffer/db_reg[10][91]/D         0.54 F       0.54      -0.00(V)
inst_CNN_top/u_line_buffer/db_reg[10][92]/D         0.54 F       0.54      -0.00(V)
inst_CNN_top/u_line_buffer/db_reg[10][93]/D         0.54 F       0.54      -0.00(V)
inst_CNN_top/u_line_buffer/db_reg[10][94]/D         0.54 F       0.54      -0.00(V)
inst_CNN_top/u_line_buffer/db_reg[10][95]/D         0.54 F       0.54      -0.00(V)
inst_CNN_top/u_line_buffer/db_reg[10][96]/D         0.54 F       0.54      -0.00(V)
inst_CNN_top/u_line_buffer/db_reg[10][97]/D         0.54 F       0.54      -0.00(V)
inst_CNN_top/u_line_buffer/db_reg[10][98]/D         0.54 F       0.54      -0.00(V)
inst_CNN_top/u_line_buffer/db_reg[10][99]/D         0.54 F       0.54      -0.00(V)
inst_CNN_top/u_line_buffer/db_reg[10][9]/D          0.54 F       0.54      -0.00(V)
inst_CNN_top/u_sram_ping/u_sram_high/D[7]           0.60 F       0.60      -0.00(V)
inst_CNN_top/u_sram_ping/u_sram_low/D[111]          0.60 F       0.60      -0.00(V)
inst_CNN_top/u_sram_ping/u_sram_low/D[23]           0.60 F       0.60      -0.00(V)
inst_CNN_top/u_sram_ping/u_sram_low/D[63]           0.60 F       0.60      -0.00(V)
inst_CNN_top/u_sram_ping/u_sram_low/D[79]           0.60 F       0.60      -0.00(V)
inst_CNN_top/u_sram_ping/u_sram_low/D[7]            0.60 F       0.60      -0.00(V)



*******************************************************************************
* Report  : Minimum Pulse Width of Pins                                       *
* Design  : cnn_chip                                                          *
*******************************************************************************



*******************************************************************************
* Report  : Minimum Period of Pins                                            *
* Design  : cnn_chip                                                          *
*******************************************************************************



*******************************************************************************
* Report  : Maximum Capacitance of Cells                                      *
* Design  : cnn_chip                                                          *
*******************************************************************************



*******************************************************************************
* Report  : Maximum Capacitance of Nets                                       *
* Design  : cnn_chip                                                          *
*******************************************************************************






*******************************************************************************
* Report  : Maximum Transition of Pins                                        *
* Design  : cnn_chip                                                          *
*******************************************************************************




*******************************************************************************
* Report  : Maximum Transition of Nets                                        *
* Design  : cnn_chip                                                          *
*******************************************************************************




*******************************************************************************
* Report  : Minimum Transition of Pins                                        *
* Design  : cnn_chip                                                          *
*******************************************************************************




*******************************************************************************
* Report  : Minimum Transition of Nets                                        *
* Design  : cnn_chip                                                          *
*******************************************************************************



*******************************************************************************
* Report  : Maximum Fanout of Cells                                           *
* Design  : cnn_chip                                                          *
*******************************************************************************



*******************************************************************************
* Report  : Maximum Fanout of Nets                                            *
* Design  : cnn_chip                                                          *
*******************************************************************************



*******************************************************************************
* Report  : Top Port Connection Class                                         *
* Design  : cnn_chip                                                          *
*******************************************************************************



*******************************************************************************
* Report  : Connection Class                                                  *
* Design  : cnn_chip                                                          *
*******************************************************************************

